Masocampus MM님이 모두에게:  07:00 PM
https://www.dropbox.com/s/5nijzn1pr2erfeq/Ubuntu%2064-bit%20with%20Docker.7z?dl=0
마소캠퍼스 TA님이 모두에게:  07:01 PM
꼭 받는 사람은 모든 토론자와 및 참석자로 바꿔주세요!
[문의 사항]

실습화면 캡쳐 후
qna@masocampus.com으로 문의주세요!
핫라인: 010-2636-2021
교재 사이트입니다~
https://www.masocampus.com/ssg-docker101
비밀번호: docker821
Masocampus MM님이 모두에게:  07:01 PM
https://www.dropbox.com/s/5nijzn1pr2erfeq/Ubuntu%2064-bit%20with%20Docker.7z?dl=0
마소캠퍼스 TA님이 모두에게:  07:03 PM
우분투 이미지입니다 
실습에 문제가 있으신분들은 다운받아주세요
ubuntu64-bit 2/ubuntu 64bit.vmx파일을 이용해주세요
Masocampus MM님이 모두에게:  07:06 PM
vmware 모두 켜주세요~
마소캠퍼스 TA님이 모두에게:  07:13 PM
터미널 띄워주신 후 
sudo systemctl status docker
: 도커가 작동중인지 상태정보 출력

q입력하여 빠져나오기
cat /lib/systemd/system/docker.service
: 도커의 환경설정 정보 출력
docker 디렉토리
: /var/lib/docker
sudo ls -l /var/lib/docker
마소캠퍼스 TA님이 모두에게:  07:21 PM
# docker 디렉토리 자료구조
containers: container
image: imagedb,layerdb(overlay2와 연관)
overlay2: 이미지 정보(증분(=layer) 백업)

포트 연결 정보(단독 서버)
jdk -> tomcat 
# tomcat9 설치 전 폴더 생성 
mkdir -p /usr/share/man/man1 이후 tomcat9설치
터미널 clear 이후
[도커 시스템 도움말]
docker system --help
docker system df
: 이미지, 컨테이너 등 용량 정보 출력
docker ps
docker ps -a
docker rm '컨테이너id두자리'를 이용하여 컨테이너를 전부 삭제해주세요
허기량님이 모두에게:  07:22 PM
이미지나 컨테이너를 한꺼번에 지우는 명령어는 없나요?
마소캠퍼스 TA님이 모두에게:  07:24 PM
docker ps -a
: 결과 container가 없어야합니다.

docker images
docker rmi id두자리
: 이미지도 다 지워주세요
docker images
: 이미지가 없어야합니다.
docker system df
: 이미지, 컨테이너 등 용량 정보 출력 시 0인 것을 볼 수 있습니다

docker system info
: 시스템 정보 출력
허기량님이 모두에게:  07:25 PM
컨테이너 전체 삭제

$ docker rm $(docker ps -a -q)

이미지 전체 삭제

$ docker rmi $(docker images -q)
마소캠퍼스 TA님이 모두에게:  07:29 PM
[리소스 사용량 출력]
docker stats --help
*ctrl+c 입력시 탈출
터미널 새로 띄우시고
docker run -it --name ubuntu1 ubuntu /bin/bash
다른 터미널에
dockr stats
: 어떻게 사용중인지 확인이 가능합니다
*컨테이너 ID, 이름, CPU사용량, 등
Masocampus MM님이 모두에게:  07:31 PM
질문:   
docker run수행시 -p로 포트 지정을 AA:BB 형태로 하는데요.
뒤쪽 BB가 컨테이너의 port일텐데.. 다운로드받은 tomcat의 이미지가 80 아닌가요?

대부분 도커 파일에서 expose로 포트 지정할텐데.. 80일텐데요.
그냥 run 수행시에 우리 TEST했던것처럼 8080으로 하면 자동 적용 되는 건가요?


마소캠퍼스 TA님이 모두에게:  07:48 PM
/# ps -aux
~$ top
: 실시간 정보 출력
~$ docker top --help
: ps -aux와 비슷

docker top ubuntu1
apt-get update 
docker top ubuntu1
/# apt-get update 
~$ docker top ubuntu1
[도커 이미지 히스토리]
~$ docker history --help
dodcker history ubuntu1
*ubuntu1 -> ubuntu

[도커 컨테이너 로그]
docker logs --help
docker logs ubuntu1
https://docs.docker.com/engine/reference/commandline/docker/
[명령어 확인 주소]
[자료 복사]
docker cp --help
/# ls
/# mkdir data
/# echo "Hello Docker 1" > ./data/test1.txt
ls ./data/
cat ./tata/test1.txt (작업 모두 도커 컨테이너 안에서 진행)
~$ mkdir data
~$ echo "Hello Docker 2" > ./data/test2.txt
허기량님이 모두에게:  07:49 PM
docker cp ./data/test2.txt ubuntu1:/data/

마소캠퍼스 TA님이 모두에게:  07:51 PM
ls ./data/
호스트에서 컨테이너 안으로 복사
docker cp ./data/test2.txt ubuntu1:/data/
/# ls ./data/

컨테이너에서 호스트로 복사
/$ docker cp ubuntu1:/data/test1.txt ./data/
/$ ls ./data/
허기량님이 모두에게:  07:53 PM
컨테이너 안의 복사된 파일을 보니 권한이 다른데요.
임의의 권한을 부여하는 거군요
마소캠퍼스 TA님이 모두에게:  08:06 PM
https://docs.docker.com/storage/volumes/
/# exit
clear
docker run --help
허기량님이 모두에게:  08:08 PM
잠시 목소리가 끊겼습니다.
마소캠퍼스 TA님이 모두에게:  08:14 PM
docker run -it --name ubuntu2  -v /data ubuntu /bin/bash
/# ls
/# echo "Hello Docker 1" > /data/test1.txt
/# ls ./data/
~$ docker inspect -f '{{.Config.Volumes}}' ubuntu2
~$ docker inspect -f '{{range .Mounts}}{{.Source}}{{end}}' ubuntu2

Masocampus MM님이 모두에게:  08:16 PM
질문:   
기존 컨테이너에서 공유하고 싶을 때는 host에서 명령어 옵션 어케 사용해야하나요?


답변>> create를 새로 해야 합니다

마소캠퍼스 TA님이 모두에게:  08:19 PM
sudo ls -l '위 명령어를 통해 나온 경로값'
sudo touch '경로값'/test2.txt
허기량님이 모두에게:  08:20 PM
권한이 루트로 들어갔네요..
마소캠퍼스 TA님이 모두에게:  08:20 PM
/# ls ./data/
: test2.txt 가 생성된 것을 확인
허기량님이 모두에게:  08:20 PM
호스트에서 루트권한으로 만들어서 그런가 봐요
마소캠퍼스 TA님이 모두에게:  08:20 PM
/# ls -al ./data
Masocampus MM님이 모두에게:  08:25 PM
질문사항 "모든 토론자 및 참석자"로 보내주세요!
김대균님이 모두에게:  08:25 PM
죄송합니다. 컨테이너 안의 볼륨을 공유하는 건가요?
아.. 헷갈렸네요
허기량님이 모두에게:  08:27 PM
호스트에서도 컨테이너에 data2 디렉토리가 만들어지는데요
대균님 맞나요?
sudo mkdir /var/lib/docker/volumes/8879eecc7bc842ca6e238a10087da923dedbfeef3bb707b3cb369377294ed946/_data/data2
호스트에서 만들고 컨테이너 안에서 확인하니 생성되어 있네요
마소캠퍼스 TA님이 모두에게:  08:28 PM
/# exit
docker ps -a
docker rm '컨테이너id 두자리'
: 컨테이너를 전부 삭제
김대균님이 모두에게:  08:28 PM
ㅎㅎ.. 그냥 볼래요.. 컨테이너에서 볼륨을 공유할 일이 있을까 싶네요.. statless한게.. 컨테이너인데..
마소캠퍼스 TA님이 모두에게:  08:29 PM
mkdir ./data
허기량님이 모두에게:  08:29 PM
아까 만들었습니다.^^
마소캠퍼스 TA님이 모두에게:  08:35 PM
rm ./data/test2.txt
ls ./data/
: test1.txt 만 존재
test1.txt가 없다면
touch ./data/test1.txt로 파일 생성해주세요
pwd
:절대 경로 출력
docker run -it -v '절대경로'/data:/data --name ubuntu21 ubuntu /bin/bash
/# ls ./data/
: test1.txt 가 공유되었는지 확인
/# cat./dta/test1/txt
Hello docker1출력
~$ docker inspect -f '{{range .Mounts}}{{.Source}}{{end}}' ubuntu21
/# touch ./data/test2.txt
~$ ls ./data/
: test1.txt와 test2.txt 출력
허기량님이 모두에게:  08:36 PM
권한 기준은 컨테이너 기준으로 생성되는 걸까요?
아넵.
마소캠퍼스 TA님이 모두에게:  08:36 PM
*권한 기준은 컨테이너 기준으로 생성됩니다
허기량님이 모두에게:  08:39 PM
ㅎㅎ시스템운영하는데요..~~
관리자 권한으로 통일해서사용한다는 말씀이시군요..^^
NAS 처럼 사용할수도 있겠군요
정적인 이미지등을 담아 놓으면 좋을듯 싶네요
마소캠퍼스 TA님이 모두에게:  08:46 PM
터미널 새로 띄우기
(pwd: 절대경로)
docker run -it -v '절대경로'/data:/data --name ubuntu22 ubuntu /bin/bash
/# ls ./data/
/# touch ./data/test3.txt
/# ls ./data/
test3.txt 생성
~$ ls ./data/
호스트에서도 test3.txt 생성됨을 확인
**ubuntu21,22,host /data 폴더는 공유중**
** qna@masocampus.com으로 실습화면을 캡쳐하여 보내주세요**
김은성에서 나, 모든 토론자에게:  08:47 PM
https://www.dropbox.com/s/5nijzn1pr2erfeq/Ubuntu 64-bit with Docker.7z?dl=0
위 링크에 접속하셔서 우분투 이미지를 다운받아 실습해주세요:)
나로부터 모든 토론자에게:  08:48 PM
넵
김은성에서 나, 모든 토론자에게:  08:48 PM
혹시 작업을 어디서 진행 중이신지 알 수 있을까요?
나로부터 모든 토론자에게:  08:50 PM
vm 이
C드라이브에잇어서
사용하는 vm 폴더들어가서 다운받은 vmx 붙여넣기하면될까요?
김대균님이 모두에게:  08:51 PM
첫번째 실습 .. 컨테이너 볼륨을 공유하는거 강사님 노트 부분 화면 좀 다시 보여주세요
Masocampus MM님이 모두에게:  08:53 PM
8시 57분부터 수업 시작하겠습니다~!
김은성에서 나, 모든 토론자에게:  08:53 PM
https://forms.gle/8Ahy8Csyc4xnCQvi7
네 ubuntu64-bit 2/ubuntu 64bit.vmx파일을 이용해주세요
김대균님이 모두에게:  08:53 PM
다음 명령어 보여주세요. 
아래
김은성에서 나, 모든 토론자에게:  08:53 PM
위의 링크는 무시해주세요~!
김대균님이 모두에게:  08:56 PM
좀만 더 내려주세요
마소캠퍼스 TA님이 모두에게:  09:07 PM
docker run --help
clear 
docker ps -a
docker rm '컨테이너id두자리'
: 모든 컨테이너를 삭제해주세요
docker run -it --name ubuntu11 -v data ubuntu /bin/bash
/# ls
/# echo "Hello Docker 1" > /data/test1.txt
/# cat ./data/test1.txt
: hello Docker1 출력
다른 터미널로 이동
~$ docker run -it --name ubuntu12 --volumes-from ubuntu11 ubuntu  /bin/bash
/# ls /data/
: test.txt 가 있는지 확인
다른 터미널에 입력
~$ docker inspect -f '{{range .Mounts}}{{.Source}}{{end}}' ubuntu11
~$ docker inspect -f '{{range .Mounts}}{{.Source}}{{end}}' ubuntu12

홍인석님이 모두에게:  09:12 PM
음.. /home/master/data:/data 로 여러개 컨테이너를 띄워도 동일한 구조가 될것으로 추측되는데 다른 개념일까요?
아 넵 알겠습니다!
마소캠퍼스 TA님이 모두에게:  09:20 PM
~$ docker volume --help
~$ docker volume ls
~$ docker volume create --name data
: volume 생성
~$ docker volume ls
: data 이름 확인
~$ docker volume inspect data
: mountpoint 확이
*확인
~$ sudo ls -l /var/lib/docker
sudo ls -l /var/lib/docker/volumes
bash는 전부 종료시켜주세요 
exit
~$ docker run -it -v data:data --name ubuntu3 ubuntu  /bin/bash
/# ls
/# echo "hello Docker" > ./data/test.txt
/# ls ./data
다른 터미널
~$ sudo ls -l /var/lib/docker/volumes/data/_data
마소캠퍼스 TA님이 모두에게:  09:29 PM
docker run -it -p 8888:8080 --name tomcat9 tomcat
: tomcat9를 tomcat이라는 이름으로 8888:8080포트에 연결, 실행
[퀴즈]

[container 내부]
mkdir -p /usr/local/tomcat/webapps/ROOT
mkdir -p /usr/local/tomcat/webapps/ROOT/WEB-INF
vi /usr/local/tomcat/webaps/ROOT/index.jsp

[브라우저]
http://localhost:8888/index.jsp 

---------------------------------------------
[호스트 내부]
/home/master/website/ROOT
/home/master/website/ROOT/WEB-INF
/home/master/website/ROOT/index.jsp를 생성하고 
위 경로와 매핑하여 브라우저 접속시 호스트 내부 파일이 보이도록 하는 docker 명령어를 작성해주세요
Masocampus MM님이 모두에게:  09:33 PM
넵! 모든 초론자 및 참석자로 한 번 더 보내주세요!
박준서님이 모두에게:  09:33 PM
docker run -it --name tomcat2 -v /home/master/website:/usr/local/tomcat/webapps openjdk /bin/bash
김민호A님이 모두에게:  09:33 PM
docker run -it -v /home/master/website/ROOT/:/usr/local/tomcat/webapps/ROOT/ -p 8888:8080 --name tomcat9 tomcat
나로부터 모두에게:  09:33 PM
docker run -it -p 8888:8080 -v /home/master/website/ROOT/:/usr/local/tomcat/webapps/ROOT --name tomcat9 tomcat

김대균님이 모두에게:  09:34 PM
ubuntu@ip-172-31-10-170:~$ docker run -it -v tomcat:/home/master/website/ROOT --name tomcat8989 tomcat /bin/bash
root@4ae59dfe6f71:/usr/local/tomcat# sudo -l /home/master/website/ROOT
bash: sudo: command not found
root@4ae59dfe6f71:/usr/local/tomcat#
root@4ae59dfe6f71:/usr/local/tomcat#
root@4ae59dfe6f71:/usr/local/tomcat# ls
BUILDING.txt     LICENSE  README.md      RUNNING.txt  conf  logs            temp     webapps.dist
CONTRIBUTING.md  NOTICE   RELEASE-NOTES  bin          lib   native-jni-lib  webapps  work
root@4ae59dfe6f71:/usr/local/tomcat# c /home/master
bash: c: command not found
root@4ae59dfe6f71:/usr/local/tomcat# cd /home/master
root@4ae59dfe6f71:/home/master# cd website
root@4ae59dfe6f71:/home/master/website# cd ROOT
root@4ae59dfe6f71:/home/master/website/ROOT# ls

아.. port 지정을 안했네요
docker run -it -p 8888:8080-v tomcat:/home/master/website/ROOT --name tomcat8989 tomcat /bin/bash

나로부터 모두에게:  09:35 PM
넵
마소캠퍼스 TA님이 모두에게:  09:57 PM
https://docs.docker.com
https://docs.docker.com/develop/dev-best-practices/
https://www.docker.com/play-with-docker 입니다
docker run -dp 80:80 docker/getting-started
/# exit 진행해주시고
터미널 하나만 
$ docker ps
$ docker stop
$docker stop 'id2자리'
$ docker ps -a
있는 이미지 다 지워주세요
$ docker rm 'id2자리'
docker images
docker rmi 'id두자리'
: 전부 지워주세요
docker ps -a 
docker images
: 전부 없는 상태

sudo ls -l /var/lib/docker/overlay2
:깨끗한 상태
sudo systemctl stop docker
sudo systemctl status docker
: inactive 상태
q로 종료
rm ./data/*
ls ./data/
: 빈 상태
sudo vi /etc/docker/daemon.json
#vi 편집기 설치#
sudo apt-get -y install vim
[daemon.json 파일 내용]
{
	"data-root": "/home/master/data/docker"
}
esc 누르신후 :wq 하여 저장하고 종료
sudo systemctl start docker
docker start하신후
sudo ls -l ./data/docker/
sudo ls -l ./data/docker/overlay2
:없지만 도커 실행시 이미지 생성
docker run -it --name ubuntu1 ubuntu /bin/bash
/# 뜬걸 확인후 터미널 새로 띄우기
새 터미널에서
sudo ls -l ./data/docker/overlay2
10시까지 질문받겠습니다!
이후 질문은 qna@masocampus.com 으로 부탁드립니다~
웨비나 종료는 10시 10분에 종료하겠습니다
